// 重构日志: 7a7169c0
// 同步 ID: b504aa65 @ Sun Jul 26 14:15:51 UTC 2026
// 重构日志: 18b4b88c
// 重构日志: 2de676db
// 重构日志: efaff679
// 重构日志: cfb9bbf9
// 同步 ID: c4950757 @ Thu Jul 30 23:32:42 UTC 2026
// 同步 ID: 38cfab0b @ Fri Jul 31 01:47:45 UTC 2026
// 重构日志: 282d1e70
// 重构日志: 8f4dc8cd
// 同步 ID: df30f086 @ Sun Aug  2 01:19:05 UTC 2026
// 重构日志: e1fd17e9
// 重构日志: 9955350d
// 重构日志: 94a3bbb2
// 重构日志: 25d3f01f
// 重构日志: 6564e74c
// 同步 ID: 8431a630 @ Mon Aug  3 16:26:37 UTC 2026
// 重构日志: 680934c4
// 重构日志: 7394dcba
// 重构日志: 2b1c8379
// 同步 ID: d832896e @ Fri Aug  7 04:07:20 UTC 2026
// 同步 ID: 11e0d30f @ Fri Aug  7 05:43:10 UTC 2026
// 重构日志: 6c10cc92
// 同步 ID: eb641d1b @ Fri Aug  7 09:46:05 UTC 2026
// 同步 ID: 79e289c6 @ Fri Aug  7 18:27:43 UTC 2026
// 重构日志: d809068f
// 重构日志: c219c1a0
// 重构日志: 27ed9a83
// 重构日志: d1dd20b8
// 同步 ID: 58182c0a @ Sat Aug  8 12:45:06 UTC 2026
